// Jest Snapshot v1, https://goo.gl/fbAQLP

exports[`should pass snapshot test with notifications 1`] = `
<View
  style={
    Object {
      "flex": 1,
      "height": 1334,
    }
  }
  virtual={undefined}
>
  <View>
    <View
      style={
        Object {
          "backgroundColor": "#F8F8F8",
          "borderBottomColor": "#a7a6ab",
          "borderBottomWidth": 0.5,
          "elevation": 3,
          "flexDirection": "row",
          "height": 64,
          "justifyContent": "center",
          "left": 0,
          "paddingLeft": 10,
          "paddingRight": 10,
          "paddingTop": 15,
          "right": 0,
          "shadowColor": undefined,
          "shadowOffset": undefined,
          "shadowOpacity": undefined,
          "shadowRadius": undefined,
          "top": 0,
        }
      }
      virtual={undefined}
    >
      <View
        style={
          Object {
            "alignItems": "center",
            "alignSelf": "center",
            "flex": 1,
          }
        }
        virtual={undefined}
      >
        <Text
          accessible={true}
          allowFontScaling={true}
          ellipsizeMode="tail"
          numberOfLines={1}
          style={
            Object {
              "color": "#000",
              "fontFamily": "System",
              "fontSize": 17,
              "fontWeight": "600",
              "textAlign": "center",
            }
          }
          virtual={undefined}
        >
          Notifications
        </Text>
      </View>
    </View>
  </View>
  <RCTScrollView
    automaticallyAdjustContentInsets={false}
    contentContainerStyle={undefined}
    contentInset={
      Object {
        "bottom": 0,
      }
    }
    enableAutoAutomaticScroll={true}
    enableResetScrollToCoords={true}
    extraHeight={75}
    extraScrollHeight={0}
    getScrollResponder={[Function]}
    handleOnScroll={[Function]}
    keyboardDismissMode="interactive"
    keyboardOpeningTime={250}
    keyboardShouldPersistTaps="handled"
    keyboardSpace={0}
    onScroll={[Function]}
    resetKeyboardSpace={[Function]}
    resetScrollToCoords={
      Object {
        "x": 0,
        "y": 0,
      }
    }
    scrollEventThrottle={1}
    scrollForExtraHeightOnAndroid={[Function]}
    scrollToEnd={[Function]}
    scrollToFocusedInput={[Function]}
    scrollToPosition={[Function]}
    showsVerticalScrollIndicator={true}
    style={
      Object {
        "backgroundColor": "transparent",
        "flex": 1,
      }
    }
    viewIsInsideTabBar={false}
    virtual={undefined}
  >
    <View>
      <View
        closeOnRowBeginSwipe={false}
        closeOnRowPress={true}
        closeOnScroll={true}
        directionalDistanceChangeThreshold={2}
        disableLeftSwipe={false}
        disableRightSwipe={false}
        leftOpenValue={0}
        previewFirstRow={false}
        recalculateHiddenLayout={false}
        rightOpenValue={0}
        style={Object {}}
        swipeToOpenPercent={50}
        virtual={undefined}
      >
        <View
          accessibilityComponentType={undefined}
          accessibilityLabel={undefined}
          accessibilityTraits={undefined}
          accessible={true}
          hasTVPreferredFocus={undefined}
          hitSlop={undefined}
          isTVSelectable={true}
          nativeID={undefined}
          onLayout={undefined}
          onResponderGrant={[Function]}
          onResponderMove={[Function]}
          onResponderRelease={[Function]}
          onResponderTerminate={[Function]}
          onResponderTerminationRequest={[Function]}
          onStartShouldSetResponder={[Function]}
          style={null}
          testID={undefined}
          tvParallaxProperties={undefined}
        >
          <View
            button={true}
            onPress={[Function]}
            style={
              Object {
                "alignItems": "center",
                "backgroundColor": "transparent",
                "borderBottomWidth": 0.5,
                "borderColor": "#c9c9c9",
                "flexDirection": "row",
                "marginLeft": 16,
                "paddingBottom": 13,
                "paddingRight": 16,
                "paddingTop": 13,
              }
            }
            virtual={undefined}
          >
            <View
              style={
                Object {
                  "alignItems": "flex-start",
                  "alignSelf": "center",
                  "flex": 1,
                  "flexDirection": "row",
                }
              }
              virtual={undefined}
            >
              <Text
                accessible={true}
                allowFontScaling={false}
                ellipsizeMode="tail"
                ios="issue-opened"
                style={
                  Array [
                    Object {
                      "color": undefined,
                      "fontSize": 12,
                    },
                    Array [
                      Object {
                        "color": "#000",
                        "fontSize": 30,
                      },
                      Object {
                        "color": "#000",
                        "fontSize": 20,
                        "width": 20,
                      },
                      Object {
                        "color": "#00a74c",
                        "fontSize": 20,
                      },
                    ],
                    Object {
                      "fontFamily": "octicons",
                      "fontStyle": "normal",
                      "fontWeight": "normal",
                    },
                  ]
                }
                type="Octicons"
                virtual={undefined}
              >
                ï…”
              </Text>
              <Text
                accessible={true}
                allowFontScaling={true}
                ellipsizeMode="tail"
                style={
                  Array [
                    Object {
                      "alignSelf": "center",
                      "color": "#000",
                      "fontFamily": "System",
                      "fontSize": 16,
                    },
                    Object {
                      "paddingLeft": 10,
                    },
                  ]
                }
                uppercase={false}
                virtual={undefined}
              >
                Issue title
                

                <Text
                  accessible={true}
                  allowFontScaling={true}
                  ellipsizeMode="tail"
                  note={true}
                  style={
                    Object {
                      "color": "#a7a7a7",
                      "fontFamily": "System",
                      "fontSize": 14,
                    }
                  }
                  uppercase={false}
                  virtual={undefined}
                >
                  some_repo
                </Text>
              </Text>
            </View>
            <View
              style={
                Array [
                  Object {
                    "alignItems": "flex-end",
                    "alignSelf": "center",
                    "flex": 0.28,
                    "paddingBottom": null,
                    "paddingLeft": null,
                    "paddingRight": null,
                    "paddingTop": null,
                  },
                  Object {
                    "flex": 0.5,
                  },
                ]
              }
              virtual={undefined}
            >
              <Text
                accessible={true}
                allowFontScaling={true}
                ellipsizeMode="tail"
                note={true}
                style={
                  Object {
                    "alignSelf": null,
                    "color": "#808080",
                    "fontFamily": "System",
                    "fontSize": 14,
                    "fontWeight": "200",
                  }
                }
                uppercase={false}
                virtual={undefined}
              >
                a few seconds ago
              </Text>
            </View>
          </View>
        </View>
      </View>
    </View>
  </RCTScrollView>
</View>
`;
